// Jest Snapshot v1, https://goo.gl/fbAQLP

exports[`Storyshots Button Basic Home 1`] = `
<div
  className="App"
>
  HOme
</div>
`;

exports[`Storyshots Button Default Home 1`] = `
<div
  className="App"
>
  HOme
</div>
`;
